Auto-detected timestamp file: 
/opt/orb-slam3/Examples/Monocular/EuRoC_TimeStamps/MH01.txt
Estimated total frames: 3,682
╭────────────────────────── Starting SLAM Processing ──────────────────────────╮
│ ORB-SLAM3 Real-Time Monitor                                                  │
│ Container: optimized                                                         │
│ Sequence: datasets/EuRoC/machine_hall/MH_01_easy                             │
│ Expected frames: 3,682                                                       │
│ Output files: f_MH_01_easy_optimized_20250823_091018_trajectory.txt,         │
│ kf_MH_01_easy_optimized_20250823_091018_trajectory.txt                       │
╰──────────────────────────────────────────────────────────────────────────────╯
Status: Starting... [2s]Status: Starting... [2s]Status: Starting... [2s]
ORB-SLAM3: Loading images for sequence 0...LOADED!
Status: Starting... [2s]Status: Starting... [2s]Status: Starting... [2s]Status: Starting... [2s]Status: Starting... [2s]Status: Starting... [2s]Status: Starting... [2s]Status: Starting... [2s]Status: Starting... [2s]Status: Starting... [2s]Status: Starting... [2s]Status: Starting... [2s]
ORB-SLAM3: -Loaded camera 1
Status: Starting... [2s]
ORB-SLAM3: -Loaded image info
Status: Starting... [2s]
ORB-SLAM3: -Loaded ORB settings
Status: Starting... [2s]
ORB-SLAM3: -Loaded viewer settings
Status: Starting... [2s]
ORB-SLAM3: -Loaded Atlas settings
Status: Starting... [2s]
ORB-SLAM3: -Loaded misc parameters
Status: Starting... [2s]Status: Starting... [2s]Status: Starting... [2s]
ORB-SLAM3: -Camera 1 parameters (Pinhole): [ 458.65399169921875 
457.29598999023438 367.21499633789062 248.375 ]
Status: Starting... [2s]
ORB-SLAM3: -Camera 1 distortion parameters: [  -0.28340810537338257 
0.073959067463874817 0.00019359000725671649 1.7618711353861727e-05 ]
Status: Starting... [2s]Status: Starting... [2s]Status: Starting... [2s]
ORB-SLAM3: -Camera 1 parameters after resize: [  365.94735717773438 
333.44500732421875 292.99069213867188 181.10678100585938 ]
Status: Starting... [2s]Status: Starting... [2s]Status: Starting... [2s]Status: Starting... [2s]Status: Starting... [2s]Status: Starting... [2s]Status: Starting... [2s]Status: Starting... [2s]Status: Loading vocabulary (139MB)... [2s]
ORB-SLAM3: Loading ORB Vocabulary. This could take a while...
Status: Loading vocabulary (139MB)... [2s]
ORB-SLAM3: Camera1.k3 optional parameter does not exist...
Status: Loading vocabulary (139MB)... [2s]Status: Loading vocabulary (139MB)... [2s]
ORB-SLAM3: System.LoadAtlasFromFile optional parameter does not exist...
Status: Loading vocabulary (139MB)... [2s]
ORB-SLAM3: System.SaveAtlasToFile optional parameter does not exist...
