Auto-detected timestamp file: 
/opt/orb-slam3/Examples/Monocular/EuRoC_TimeStamps/V103.txt
Estimated total frames: 2,149
╭────────────────────────── Starting SLAM Processing ──────────────────────────╮
│ ORB-SLAM3 Real-Time Monitor                                                  │
│ Container: upstream-v0.2-beta                                                │
│ Sequence: datasets/EuRoC/vicon_room1/V1_03_difficult                         │
│ Expected frames: 2,149                                                       │
│ Output files:                                                                │
│ f_V1_03_difficult_upstream-v0.2-beta_20250825_111038_trajectory.txt,         │
│ kf_V1_03_difficult_upstream-v0.2-beta_20250825_111038_trajectory.txt         │
╰──────────────────────────────────────────────────────────────────────────────╯
Status: Starting... [1s]Status: Starting... [1s]Status: Starting... [1s]
ORB-SLAM3: Loading images for sequence 0...LOADED!
Status: Starting... [1s]Status: Starting... [1s]Status: Starting... [1s]Status: Starting... [1s]Status: Starting... [1s]Status: Starting... [1s]Status: Starting... [1s]Status: Starting... [1s]Status: Starting... [1s]Status: Starting... [1s]Status: Starting... [1s]Status: Starting... [1s]
ORB-SLAM3: Camera1.k3 optional parameter does not exist...
Status: Starting... [1s]
ORB-SLAM3: -Loaded camera 1
Status: Starting... [1s]
ORB-SLAM3: -Loaded image info
Status: Starting... [1s]
ORB-SLAM3: -Loaded ORB settings
Status: Starting... [1s]Status: Starting... [1s]
ORB-SLAM3: -Loaded viewer settings
Status: Starting... [1s]
ORB-SLAM3: System.LoadAtlasFromFile optional parameter does not exist...
Status: Starting... [1s]
ORB-SLAM3: System.SaveAtlasToFile optional parameter does not exist...
Status: Starting... [1s]
ORB-SLAM3: -Loaded Atlas settings
Status: Starting... [1s]Status: Starting... [1s]
ORB-SLAM3: -Loaded misc parameters
Status: Starting... [1s]Status: Starting... [1s]Status: Starting... [1s]
ORB-SLAM3: -Camera 1 parameters (Pinhole): [ 458.65399169921875 
457.29598999023438 367.21499633789062 248.375 ]
Status: Starting... [1s]
ORB-SLAM3: -Camera 1 distortion parameters: [  -0.28340810537338257 
0.073959067463874817 0.00019359000725671649 1.7618711353861727e-05 ]
Status: Starting... [1s]Status: Starting... [1s]Status: Starting... [1s]
ORB-SLAM3: -Camera 1 parameters after resize: [  365.94735717773438 
333.44500732421875 292.99069213867188 181.10678100585938 ]
Status: Starting... [1s]Status: Starting... [1s]Status: Starting... [1s]Status: Starting... [1s]Status: Starting... [1s]Status: Starting... [1s]Status: Starting... [1s]Status: Starting... [1s]Status: Loading vocabulary (139MB)... [1s]
ORB-SLAM3: Loading ORB Vocabulary. This could take a while...
Status: Vocabulary loaded - Initializing system... [17s]
ORB-SLAM3: Vocabulary loaded!
Status: Vocabulary loaded - Initializing system... [17s]Status: Vocabulary loaded - Initializing system... [17s]
ORB-SLAM3: Initialization of Atlas from scratch
Status: Vocabulary loaded - Initializing system... [17s]
ORB-SLAM3: Creation of new map with id: 0
Status: Vocabulary loaded - Initializing system... [17s]
ORB-SLAM3: Creation of new map with last KF id: 0
Status: Vocabulary loaded - Initializing system... [17s]Status: Vocabulary loaded - Initializing system... [17s]
ORB-SLAM3: There are 1 cameras in the atlas
Status: Processing frames... [17s]
ORB-SLAM3: Camera 0 is pinhole
Status: Processing frames... [24s]
ORB-SLAM3: First KF:0; Map init KF:0
Status: Map initialized - Processing frames... [24s]
ORB-SLAM3: New Map created with 514 points
Status: Map initialized - Processing frames... [42s]Status: Map initialized - Processing frames... [42s]Status: Map initialized - Processing frames... [43s]Status: Map initialized - Processing frames... [43s]Status: Map initialized - Processing frames... [43s]Status: Map initialized - Processing frames... [90s]Status: Map initialized - Processing frames... [90s]Status: Map initialized - Processing frames... [90s]Status: Map initialized - Processing frames... [94s]Status: Map initialized - Processing frames... [94s]Status: Map initialized - Processing frames... [94s]Status: Map initialized - Processing frames... [94s]
ORB-SLAM3: Fail to track local map!
Status: Map initialized - Processing frames... [94s]Status: Map initialized - Processing frames... [94s]
ORB-SLAM3: Fail to track local map!
Status: Map initialized - Processing frames... [94s]Status: Map initialized - Processing frames... [94s]
ORB-SLAM3: Fail to track local map!
Status: Map initialized - Processing frames... [94s]
ORB-SLAM3: Fail to track local map!
Status: Map initialized - Processing frames... [94s]
ORB-SLAM3: Fail to track local map!
Status: Map initialized - Processing frames... [95s]
ORB-SLAM3: Fail to track local map!
Status: Map initialized - Processing frames... [95s]
ORB-SLAM3: Fail to track local map!
Status: Map initialized - Processing frames... [95s]
ORB-SLAM3: Fail to track local map!
Status: Map initialized - Processing frames... [95s]
ORB-SLAM3: Fail to track local map!
Status: Map initialized - Processing frames... [95s]
ORB-SLAM3: Fail to track local map!
Status: Map initialized - Processing frames... [95s]
ORB-SLAM3: Fail to track local map!
Status: Map initialized - Processing frames... [95s]
ORB-SLAM3: Fail to track local map!
Status: Map initialized - Processing frames... [95s]
ORB-SLAM3: Fail to track local map!
Status: Map initialized - Processing frames... [95s]
ORB-SLAM3: Fail to track local map!
Status: Map initialized - Processing frames... [95s]Status: Map initialized - Processing frames... [95s]
ORB-SLAM3: Fail to track local map!
Status: Map initialized - Processing frames... [95s]
ORB-SLAM3: Fail to track local map!
Status: Map initialized - Processing frames... [95s]
ORB-SLAM3: Fail to track local map!
Status: Map initialized - Processing frames... [95s]
ORB-SLAM3: Fail to track local map!
Status: Map initialized - Processing frames... [95s]
ORB-SLAM3: Fail to track local map!
Status: Map initialized - Processing frames... [95s]
ORB-SLAM3: Fail to track local map!
Status: Map initialized - Processing frames... [95s]
ORB-SLAM3: Fail to track local map!
Status: Map initialized - Processing frames... [95s]
ORB-SLAM3: Fail to track local map!
Status: Map initialized - Processing frames... [95s]
ORB-SLAM3: Fail to track local map!
Status: Map initialized - Processing frames... [95s]
ORB-SLAM3: Fail to track local map!
Status: Map initialized - Processing frames... [96s]
ORB-SLAM3: Fail to track local map!
Status: Map initialized - Processing frames... [96s]
ORB-SLAM3: Fail to track local map!
Status: Map initialized - Processing frames... [96s]
ORB-SLAM3: Fail to track local map!
Status: Map initialized - Processing frames... [96s]
ORB-SLAM3: Fail to track local map!
Status: Map initialized - Processing frames... [96s]
ORB-SLAM3: Fail to track local map!
Status: Map initialized - Processing frames... [96s]
ORB-SLAM3: Fail to track local map!
Status: Map initialized - Processing frames... [96s]Status: Map initialized - Processing frames... [96s]
ORB-SLAM3: Fail to track local map!
Status: Map initialized - Processing frames... [96s]
ORB-SLAM3: Fail to track local map!
Status: Map initialized - Processing frames... [96s]
ORB-SLAM3: Fail to track local map!
Status: Map initialized - Processing frames... [96s]
ORB-SLAM3: Fail to track local map!
Status: Map initialized - Processing frames... [96s]
ORB-SLAM3: Fail to track local map!
Status: Map initialized - Processing frames... [96s]
ORB-SLAM3: Fail to track local map!
Status: Map initialized - Processing frames... [96s]
ORB-SLAM3: Fail to track local map!
Status: Map initialized - Processing frames... [96s]
ORB-SLAM3: Fail to track local map!
Status: Map initialized - Processing frames... [96s]
ORB-SLAM3: Fail to track local map!
Status: Map initialized - Processing frames... [96s]
ORB-SLAM3: Fail to track local map!
Status: Map initialized - Processing frames... [96s]
ORB-SLAM3: Fail to track local map!
Status: Map initialized - Processing frames... [96s]
ORB-SLAM3: Fail to track local map!
Status: Map initialized - Processing frames... [96s]
ORB-SLAM3: Fail to track local map!
Status: Map initialized - Processing frames... [97s]
ORB-SLAM3: Fail to track local map!
Status: Map initialized - Processing frames... [97s]
ORB-SLAM3: Fail to track local map!
Status: Map initialized - Processing frames... [97s]
ORB-SLAM3: Fail to track local map!
Status: Map initialized - Processing frames... [97s]
ORB-SLAM3: Fail to track local map!
Status: Map initialized - Processing frames... [97s]Status: Map initialized - Processing frames... [97s]
ORB-SLAM3: Fail to track local map!
Status: Map initialized - Processing frames... [97s]
ORB-SLAM3: Fail to track local map!
Status: Map initialized - Processing frames... [97s]
ORB-SLAM3: Fail to track local map!
Status: Map initialized - Processing frames... [97s]
ORB-SLAM3: Fail to track local map!
Status: Map initialized - Processing frames... [97s]
ORB-SLAM3: Fail to track local map!
Status: Map initialized - Processing frames... [97s]
ORB-SLAM3: Fail to track local map!
Status: Map initialized - Processing frames... [97s]
ORB-SLAM3: Fail to track local map!
Status: Map initialized - Processing frames... [97s]
ORB-SLAM3: Fail to track local map!
Status: Map initialized - Processing frames... [97s]
ORB-SLAM3: Fail to track local map!
Status: Map initialized - Processing frames... [97s]
ORB-SLAM3: Fail to track local map!
Status: Map initialized - Processing frames... [97s]
ORB-SLAM3: Fail to track local map!
Status: Map initialized - Processing frames... [97s]
ORB-SLAM3: Fail to track local map!
Status: Map initialized - Processing frames... [97s]
ORB-SLAM3: Fail to track local map!
Status: Map initialized - Processing frames... [98s]
ORB-SLAM3: Fail to track local map!
Status: Map initialized - Processing frames... [98s]
ORB-SLAM3: Fail to track local map!
Status: Map initialized - Processing frames... [98s]
ORB-SLAM3: Fail to track local map!
Status: Map initialized - Processing frames... [98s]
ORB-SLAM3: Fail to track local map!
Status: Map initialized - Processing frames... [98s]
ORB-SLAM3: Fail to track local map!
Status: Map initialized - Processing frames... [98s]
ORB-SLAM3: Fail to track local map!
Status: Map initialized - Processing frames... [98s]
ORB-SLAM3: Fail to track local map!
Status: Map initialized - Processing frames... [98s]
ORB-SLAM3: Fail to track local map!
Status: Map initialized - Processing frames... [98s]
ORB-SLAM3: Fail to track local map!
Status: Map initialized - Processing frames... [98s]
ORB-SLAM3: Fail to track local map!
Status: Map initialized - Processing frames... [98s]
ORB-SLAM3: Fail to track local map!
Status: Map initialized - Processing frames... [98s]
ORB-SLAM3: Fail to track local map!
Status: Map initialized - Processing frames... [98s]
ORB-SLAM3: Fail to track local map!
Status: Map initialized - Processing frames... [98s]
ORB-SLAM3: Fail to track local map!
Status: Map initialized - Processing frames... [98s]
ORB-SLAM3: Fail to track local map!
Status: Map initialized - Processing frames... [98s]
ORB-SLAM3: Fail to track local map!
Status: Map initialized - Processing frames... [98s]
ORB-SLAM3: Fail to track local map!
Status: Map initialized - Processing frames... [98s]
ORB-SLAM3: Fail to track local map!
Status: Map initialized - Processing frames... [98s]
ORB-SLAM3: Fail to track local map!
Status: Map initialized - Processing frames... [99s]
ORB-SLAM3: Fail to track local map!
Status: Map initialized - Processing frames... [99s]
ORB-SLAM3: Fail to track local map!
Status: Map initialized - Processing frames... [99s]
ORB-SLAM3: Fail to track local map!
Status: Map initialized - Processing frames... [99s]
ORB-SLAM3: Fail to track local map!
Status: Map initialized - Processing frames... [99s]
ORB-SLAM3: Fail to track local map!
Status: Map initialized - Processing frames... [99s]
ORB-SLAM3: Fail to track local map!
Status: Map initialized - Processing frames... [99s]
ORB-SLAM3: Fail to track local map!
Status: Map initialized - Processing frames... [99s]
ORB-SLAM3: Fail to track local map!
Status: Map initialized - Processing frames... [99s]
ORB-SLAM3: Fail to track local map!
Status: Map initialized - Processing frames... [99s]
ORB-SLAM3: Fail to track local map!
Status: Map initialized - Processing frames... [99s]
ORB-SLAM3: Fail to track local map!
Status: Map initialized - Processing frames... [99s]
ORB-SLAM3: Fail to track local map!
Status: Map initialized - Processing frames... [99s]
ORB-SLAM3: Fail to track local map!
Status: Map initialized - Processing frames... [99s]
ORB-SLAM3: Fail to track local map!
Status: Map initialized - Processing frames... [99s]
ORB-SLAM3: Fail to track local map!
Status: Map initialized - Processing frames... [99s]
ORB-SLAM3: Fail to track local map!
Status: Map initialized - Processing frames... [99s]
ORB-SLAM3: Fail to track local map!
Status: Map initialized - Processing frames... [99s]
ORB-SLAM3: Fail to track local map!
Status: Map initialized - Processing frames... [99s]
ORB-SLAM3: Fail to track local map!
Status: Map initialized - Processing frames... [100s]
ORB-SLAM3: Fail to track local map!
Status: Map initialized - Processing frames... [100s]
ORB-SLAM3: Fail to track local map!
Status: Map initialized - Processing frames... [100s]
ORB-SLAM3: Fail to track local map!
Status: Map initialized - Processing frames... [100s]
ORB-SLAM3: Fail to track local map!
Status: Map initialized - Processing frames... [100s]
ORB-SLAM3: Fail to track local map!
Status: Map initialized - Processing frames... [100s]
ORB-SLAM3: Fail to track local map!
Status: Map initialized - Processing frames... [100s]
ORB-SLAM3: Fail to track local map!
Status: Map initialized - Processing frames... [100s]
ORB-SLAM3: Fail to track local map!
Status: Map initialized - Processing frames... [100s]
ORB-SLAM3: Fail to track local map!
Status: Map initialized - Processing frames... [100s]
ORB-SLAM3: Fail to track local map!
Status: Map initialized - Processing frames... [100s]
ORB-SLAM3: Fail to track local map!
Status: Map initialized - Processing frames... [100s]
ORB-SLAM3: Creation of new map with id: 1
Status: Map initialized - Processing frames... [100s]Status: Map initialized - Processing frames... [100s]
ORB-SLAM3: Creation of new map with last KF id: 431
Status: Processing frames... [100s]
ORB-SLAM3: First KF:431; Map init KF:431
Status: Map initialized - Processing frames... [100s]
ORB-SLAM3: New Map created with 277 points
Status: Map initialized - Processing frames... [102s]Status: Map initialized - Processing frames... [102s]Status: Map initialized - Processing frames... [108s]Status: Map initialized - Processing frames... [108s]Status: Map initialized - Processing frames... [108s]Status: Map initialized - Processing frames... [109s]Status: Map initialized - Processing frames... [109s]Status: Map initialized - Processing frames... [109s]Status: Map initialized - Processing frames... [109s]Status: Map initialized - Processing frames... [115s]Status: Map initialized - Processing frames... [115s]Status: Map initialized - Processing frames... [115s]Status: Map initialized - Processing frames... [119s]Status: Map initialized - Processing frames... [119s]Status: Map initialized - Processing frames... [119s]Status: Map initialized - Processing frames... [119s]Status: Map initialized - Processing frames... [120s]
ORB-SLAM3: Fail to track local map!
Status: Map initialized - Processing frames... [121s]
ORB-SLAM3: Fail to track local map!
Status: Map initialized - Processing frames... [121s]
ORB-SLAM3: Fail to track local map!
Status: Map initialized - Processing frames... [121s]
ORB-SLAM3: Fail to track local map!
Status: Map initialized - Processing frames... [121s]
ORB-SLAM3: Fail to track local map!
Status: Map initialized - Processing frames... [121s]
ORB-SLAM3: Fail to track local map!
Status: Map initialized - Processing frames... [121s]
ORB-SLAM3: Fail to track local map!
Status: Map initialized - Processing frames... [121s]
ORB-SLAM3: Fail to track local map!
Status: Map initialized - Processing frames... [121s]
ORB-SLAM3: Fail to track local map!
Status: Map initialized - Processing frames... [121s]
ORB-SLAM3: Fail to track local map!
Status: Map initialized - Processing frames... [121s]
ORB-SLAM3: Fail to track local map!
Status: Map initialized - Processing frames... [121s]
ORB-SLAM3: Fail to track local map!
Status: Map initialized - Processing frames... [121s]
ORB-SLAM3: Fail to track local map!
Status: Map initialized - Processing frames... [121s]
ORB-SLAM3: Fail to track local map!
Status: Map initialized - Processing frames... [121s]
ORB-SLAM3: Fail to track local map!
Status: Map initialized - Processing frames... [121s]
ORB-SLAM3: Fail to track local map!
Status: Map initialized - Processing frames... [121s]
ORB-SLAM3: Fail to track local map!
Status: Map initialized - Processing frames... [121s]
ORB-SLAM3: Fail to track local map!
Status: Map initialized - Processing frames... [121s]
ORB-SLAM3: Fail to track local map!
Status: Map initialized - Processing frames... [121s]
ORB-SLAM3: Fail to track local map!
Status: Map initialized - Processing frames... [122s]
ORB-SLAM3: Fail to track local map!
Status: Map initialized - Processing frames... [122s]
ORB-SLAM3: Fail to track local map!
Status: Map initialized - Processing frames... [122s]
ORB-SLAM3: Fail to track local map!
Status: Map initialized - Processing frames... [122s]
ORB-SLAM3: Fail to track local map!
Status: Map initialized - Processing frames... [122s]
ORB-SLAM3: Fail to track local map!
Status: Map initialized - Processing frames... [122s]
ORB-SLAM3: Fail to track local map!
Status: Map initialized - Processing frames... [122s]
ORB-SLAM3: Fail to track local map!
Status: Map initialized - Processing frames... [122s]
ORB-SLAM3: Fail to track local map!
Status: Map initialized - Processing frames... [122s]
ORB-SLAM3: Fail to track local map!
Status: Map initialized - Processing frames... [122s]
ORB-SLAM3: Fail to track local map!
Status: Map initialized - Processing frames... [122s]
ORB-SLAM3: Fail to track local map!
Status: Map initialized - Processing frames... [122s]
ORB-SLAM3: Fail to track local map!
Status: Map initialized - Processing frames... [122s]
ORB-SLAM3: Fail to track local map!
Status: Map initialized - Processing frames... [122s]
ORB-SLAM3: Fail to track local map!
Status: Map initialized - Processing frames... [122s]
ORB-SLAM3: Fail to track local map!
Status: Map initialized - Processing frames... [122s]
ORB-SLAM3: Fail to track local map!
Status: Map initialized - Processing frames... [122s]
ORB-SLAM3: Fail to track local map!
Status: Map initialized - Processing frames... [122s]
ORB-SLAM3: Fail to track local map!
Status: Map initialized - Processing frames... [122s]
ORB-SLAM3: Fail to track local map!
Status: Map initialized - Processing frames... [123s]
ORB-SLAM3: Fail to track local map!
Status: Map initialized - Processing frames... [123s]
ORB-SLAM3: Fail to track local map!
Status: Map initialized - Processing frames... [123s]
ORB-SLAM3: Fail to track local map!
Status: Map initialized - Processing frames... [123s]
ORB-SLAM3: Fail to track local map!
Status: Map initialized - Processing frames... [123s]
ORB-SLAM3: Fail to track local map!
Status: Map initialized - Processing frames... [123s]
ORB-SLAM3: Fail to track local map!
Status: Map initialized - Processing frames... [123s]
ORB-SLAM3: Fail to track local map!
Status: Map initialized - Processing frames... [123s]
ORB-SLAM3: Fail to track local map!
Status: Map initialized - Processing frames... [123s]
ORB-SLAM3: Fail to track local map!
Status: Map initialized - Processing frames... [123s]
ORB-SLAM3: Fail to track local map!
Status: Map initialized - Processing frames... [123s]
ORB-SLAM3: Fail to track local map!
Status: Map initialized - Processing frames... [123s]
ORB-SLAM3: Fail to track local map!
Status: Map initialized - Processing frames... [123s]Status: Map initialized - Processing frames... [128s]Status: Map initialized - Processing frames... [128s]Status: Map initialized - Processing frames... [128s]
ORB-SLAM3: TRACK_REF_KF: Less than 15 matches!!
Status: Map initialized - Processing frames... [128s]
ORB-SLAM3: Fail to track local map!
Status: Map initialized - Processing frames... [128s]
ORB-SLAM3: Fail to track local map!
Status: Map initialized - Processing frames... [128s]
ORB-SLAM3: Fail to track local map!
Status: Map initialized - Processing frames... [128s]
ORB-SLAM3: Fail to track local map!
Status: Map initialized - Processing frames... [128s]
ORB-SLAM3: Fail to track local map!
Status: Map initialized - Processing frames... [128s]
ORB-SLAM3: Fail to track local map!
Status: Map initialized - Processing frames... [128s]
ORB-SLAM3: Fail to track local map!
Status: Map initialized - Processing frames... [128s]
ORB-SLAM3: Fail to track local map!
Status: Map initialized - Processing frames... [128s]
ORB-SLAM3: Fail to track local map!
Status: Map initialized - Processing frames... [128s]
ORB-SLAM3: Fail to track local map!
Status: Map initialized - Processing frames... [128s]
ORB-SLAM3: Fail to track local map!
Status: Map initialized - Processing frames... [128s]
ORB-SLAM3: Fail to track local map!
Status: Map initialized - Processing frames... [128s]
ORB-SLAM3: Fail to track local map!
Status: Map initialized - Processing frames... [128s]
ORB-SLAM3: Fail to track local map!
Status: Map initialized - Processing frames... [128s]
ORB-SLAM3: Fail to track local map!
Status: Map initialized - Processing frames... [128s]
ORB-SLAM3: Fail to track local map!
Status: Map initialized - Processing frames... [128s]
ORB-SLAM3: Fail to track local map!
Status: Map initialized - Processing frames... [128s]
ORB-SLAM3: Fail to track local map!
Status: Map initialized - Processing frames... [129s]
ORB-SLAM3: Fail to track local map!
Status: Map initialized - Processing frames... [129s]
ORB-SLAM3: Fail to track local map!
Status: Map initialized - Processing frames... [129s]
ORB-SLAM3: Fail to track local map!
Status: Map initialized - Processing frames... [129s]
ORB-SLAM3: Fail to track local map!
Status: Map initialized - Processing frames... [129s]
ORB-SLAM3: Fail to track local map!
Status: Map initialized - Processing frames... [129s]
ORB-SLAM3: Fail to track local map!
Status: Map initialized - Processing frames... [129s]
ORB-SLAM3: Fail to track local map!
Status: Map initialized - Processing frames... [129s]
ORB-SLAM3: Fail to track local map!
Status: Map initialized - Processing frames... [129s]
ORB-SLAM3: Fail to track local map!
Status: Map initialized - Processing frames... [129s]
ORB-SLAM3: Fail to track local map!
Status: Map initialized - Processing frames... [129s]
ORB-SLAM3: Fail to track local map!
Status: Map initialized - Processing frames... [129s]
ORB-SLAM3: Fail to track local map!
Status: Map initialized - Processing frames... [129s]
ORB-SLAM3: Fail to track local map!
Status: Map initialized - Processing frames... [129s]
ORB-SLAM3: Fail to track local map!
Status: Map initialized - Processing frames... [129s]
ORB-SLAM3: Fail to track local map!
Status: Map initialized - Processing frames... [129s]
ORB-SLAM3: Fail to track local map!
Status: Map initialized - Processing frames... [129s]
ORB-SLAM3: Fail to track local map!
Status: Map initialized - Processing frames... [129s]
ORB-SLAM3: Fail to track local map!
Status: Map initialized - Processing frames... [129s]
ORB-SLAM3: Fail to track local map!
Status: Map initialized - Processing frames... [130s]
ORB-SLAM3: Fail to track local map!
Status: Map initialized - Processing frames... [130s]
ORB-SLAM3: Fail to track local map!
Status: Map initialized - Processing frames... [130s]
ORB-SLAM3: Fail to track local map!
Status: Map initialized - Processing frames... [130s]
ORB-SLAM3: Fail to track local map!
Status: Map initialized - Processing frames... [130s]
ORB-SLAM3: Fail to track local map!
Status: Map initialized - Processing frames... [130s]
ORB-SLAM3: Fail to track local map!
Status: Map initialized - Processing frames... [130s]
ORB-SLAM3: Fail to track local map!
Status: Map initialized - Processing frames... [130s]
ORB-SLAM3: Fail to track local map!
Status: Map initialized - Processing frames... [130s]
ORB-SLAM3: Fail to track local map!
Status: Map initialized - Processing frames... [130s]
ORB-SLAM3: Fail to track local map!
Status: Map initialized - Processing frames... [130s]
ORB-SLAM3: Fail to track local map!
Status: Map initialized - Processing frames... [130s]
ORB-SLAM3: Fail to track local map!
Status: Map initialized - Processing frames... [130s]
ORB-SLAM3: Fail to track local map!
Status: Map initialized - Processing frames... [130s]
ORB-SLAM3: Fail to track local map!
Status: Map initialized - Processing frames... [130s]
ORB-SLAM3: Fail to track local map!
Status: Map initialized - Processing frames... [130s]
ORB-SLAM3: Fail to track local map!
Status: Map initialized - Processing frames... [130s]
ORB-SLAM3: Fail to track local map!
Status: Map initialized - Processing frames... [130s]
ORB-SLAM3: Fail to track local map!
Status: Map initialized - Processing frames... [130s]
ORB-SLAM3: Fail to track local map!
Status: Map initialized - Processing frames... [131s]
ORB-SLAM3: Fail to track local map!
Status: Map initialized - Processing frames... [131s]
ORB-SLAM3: Fail to track local map!
Status: Map initialized - Processing frames... [131s]
ORB-SLAM3: Fail to track local map!
Status: Map initialized - Processing frames... [131s]
ORB-SLAM3: Fail to track local map!
Status: Map initialized - Processing frames... [131s]
ORB-SLAM3: Fail to track local map!
Status: Map initialized - Processing frames... [131s]
ORB-SLAM3: Fail to track local map!
Status: Map initialized - Processing frames... [131s]
ORB-SLAM3: Creation of new map with id: 2
Status: Map initialized - Processing frames... [131s]Status: Map initialized - Processing frames... [131s]
ORB-SLAM3: Creation of new map with last KF id: 520
Status: Map initialized - Processing frames... [131s]
ORB-SLAM3: Shutdown
Status: Map initialized - Processing frames... [131s]Status: Saving trajectory... [131s]
ORB-SLAM3: Saving trajectory to 
f_V1_03_difficult_upstream-v0.2-beta_20250825_111038_trajectory.txt ...
Status: Saving trajectory... [131s]
ORB-SLAM3: There are 2 maps in the atlas
Status: Saving trajectory... [131s]
ORB-SLAM3: Map 1 has 364 KFs
Status: Saving trajectory... [131s]
ORB-SLAM3: Map 2 has 0 KFs
Status: Saving trajectory... [131s]Status: Saving keyframe data... [131s]
ORB-SLAM3: End of saving trajectory to 
f_V1_03_difficult_upstream-v0.2-beta_20250825_111038_trajectory.txt ...
Status: Saving keyframe data... [131s]Status: Processing complete! [131s]
ORB-SLAM3: Saving keyframe trajectory to 
kf_V1_03_difficult_upstream-v0.2-beta_20250825_111038_trajectory.txt ...

╭────────────────────────────────── Success ───────────────────────────────────╮
│ Processing Complete!                                                         │
│ Successfully processed 2,149 frames                                          │
│ Results saved to: results/                                                   │
│ Files: f_V1_03_difficult_upstream-v0.2-beta_20250825_111038_trajectory.txt,  │
│ kf_V1_03_difficult_upstream-v0.2-beta_20250825_111038_trajectory.txt         │
╰──────────────────────────────────────────────────────────────────────────────╯
