
=== Running upstream-v1.0 on machine_hall/MH_01_easy (runs=1) ===
Auto-detected timestamp file: 
/opt/orb-slam3/Examples/Monocular/EuRoC_TimeStamp
s/MH01.txt
Estimated total frames: 3,682
╭────────── Starting SLAM Processing ───────────╮
│ ORB-SLAM3 Real-Time Monitor                   │
│ Container: upstream-v1.0                      │
│ Sequence:                                     │
│ datasets/EuRoC/machine_hall/MH_01_easy        │
│ Expected frames: 3,682                        │
│ Output files:                                 │
│ f_MH_01_easy_upstream-v1.0_20250823_212642_tr │
│ ajectory.txt,                                 │
│ kf_MH_01_easy_upstream-v1.0_20250823_212642_t │
│ rajectory.txt                                 │
╰───────────────────────────────────────────────╯
Status: Starting... [1s]Status: Starting... [1s]Status: Starting... [1s]
ORB-SLAM3: Loading images for sequence 
0...LOADED!
Status: Starting... [1s]Status: Starting... [1s]Status: Starting... [1s]Status: Starting... [1s]Status: Starting... [1s]Status: Starting... [1s]Status: Starting... [1s]Status: Starting... [1s]Status: Starting... [1s]Status: Starting... [1s]Status: Starting... [1s]Status: Starting... [1s]
ORB-SLAM3: -Loaded camera 1
Status: Starting... [1s]
ORB-SLAM3: -Loaded image info
Status: Starting... [1s]
ORB-SLAM3: -Loaded ORB settings
Status: Starting... [1s]
ORB-SLAM3: -Loaded viewer settings
Status: Starting... [1s]
ORB-SLAM3: -Loaded Atlas settings
Status: Starting... [1s]
ORB-SLAM3: -Loaded misc parameters
Status: Starting... [1s]Status: Starting... [1s]Status: Starting... [1s]
ORB-SLAM3: -Camera 1 parameters (Pinhole): [ 
458.65399169921875 457.29598999023438 
367.21499633789062 248.375 ]
Status: Starting... [1s]
ORB-SLAM3: -Camera 1 distortion parameters: [  
-0.28340810537338257 0.073959067463874817 
0.00019359000725671649 1.7618711353861727e-05 ]
Status: Starting... [1s]Status: Starting... [1s]Status: Starting... [1s]
ORB-SLAM3: -Camera 1 parameters after resize: [  
365.94735717773438 333.44500732421875 
292.99069213867188 181.10678100585938 ]
Status: Starting... [1s]Status: Starting... [1s]Status: Starting... [1s]Status: Starting... [1s]Status: Starting... [1s]Status: Starting... [1s]Status: Starting... [1s]Status: Starting... [1s]Status: Loading vocabulary (139MB)... [1s]
ORB-SLAM3: Loading ORB Vocabulary. This could 
take a while...
Status: Loading vocabulary (139MB)... [1s]
ORB-SLAM3: Camera1.k3 optional parameter does not
exist...
Status: Loading vocabulary (139MB)... [1s]Status: Loading vocabulary (139MB)... [1s]
ORB-SLAM3: System.LoadAtlasFromFile optional 
parameter does not exist...
Status: Loading vocabulary (139MB)... [1s]
ORB-SLAM3: System.SaveAtlasToFile optional 
parameter does not exist...
Status: Loading vocabulary (139MB)... [1s]Status: Vocabulary loaded - Initializing 
system... [22s]
ORB-SLAM3: Vocabulary loaded!
Status: Vocabulary loaded - Initializing 
system... [22s]Status: Vocabulary loaded - Initializing 
system... [22s]
ORB-SLAM3: Initialization of Atlas from scratch
Status: Vocabulary loaded - Initializing 
system... [22s]
ORB-SLAM3: Creation of new map with id: 0
Status: Vocabulary loaded - Initializing 
system... [22s]
ORB-SLAM3: Creation of new map with last KF id: 0
Status: Vocabulary loaded - Initializing 
system... [22s]Status: Vocabulary loaded - Initializing 
system... [22s]
ORB-SLAM3: There are 1 cameras in the atlas
Status: Processing frames... [22s]
ORB-SLAM3: Camera 0 is pinhole
Status: Processing frames... [22s]
ORB-SLAM3: First KF:0; Map init KF:0
Status: Map initialized - Processing frames... 
[22s]
ORB-SLAM3: New Map created with 157 points
Status: Map initialized - Processing frames... 
[221s]
ORB-SLAM3: TRACK_REF_KF: Less than 15 matches!!
Status: Map initialized - Processing frames... 
[221s]
ORB-SLAM3: Fail to track local map!
Status: Map initialized - Processing frames... 
[221s]
ORB-SLAM3: Fail to track local map!
Status: Map initialized - Processing frames... 
[221s]
ORB-SLAM3: Fail to track local map!
Status: Map initialized - Processing frames... 
[221s]
ORB-SLAM3: Fail to track local map!
Status: Map initialized - Processing frames... 
[221s]
ORB-SLAM3: Fail to track local map!
Status: Map initialized - Processing frames... 
[221s]
ORB-SLAM3: Fail to track local map!
Status: Map initialized - Processing frames... 
[221s]
ORB-SLAM3: Fail to track local map!
Status: Map initialized - Processing frames... 
[221s]
ORB-SLAM3: Fail to track local map!
Status: Map initialized - Processing frames... 
[221s]
ORB-SLAM3: Fail to track local map!
Status: Map initialized - Processing frames... 
[222s]
ORB-SLAM3: Fail to track local map!
Status: Map initialized - Processing frames... 
[222s]
ORB-SLAM3: Fail to track local map!
Status: Map initialized - Processing frames... 
[222s]
ORB-SLAM3: Fail to track local map!
Status: Map initialized - Processing frames... 
[222s]
ORB-SLAM3: Fail to track local map!
Status: Map initialized - Processing frames... 
[222s]
ORB-SLAM3: Fail to track local map!
Status: Map initialized - Processing frames... 
[222s]
ORB-SLAM3: Fail to track local map!
Status: Map initialized - Processing frames... 
[222s]
ORB-SLAM3: Fail to track local map!
Status: Map initialized - Processing frames... 
[222s]
ORB-SLAM3: Fail to track local map!
Status: Map initialized - Processing frames... 
[222s]
ORB-SLAM3: Fail to track local map!
Status: Map initialized - Processing frames... 
[222s]
ORB-SLAM3: Shutdown
Status: Map initialized - Processing frames... 
[222s]Status: Saving trajectory... [222s]
ORB-SLAM3: Saving trajectory to 
f_MH_01_easy_upstream-v1.0_20250823_212642_trajec
tory.txt ...
Status: Saving trajectory... [222s]
ORB-SLAM3: There are 1 maps in the atlas
Status: Saving trajectory... [222s]
ORB-SLAM3: Map 0 has 276 KFs
Status: Saving trajectory... [222s]Status: Saving keyframe data... [222s]
ORB-SLAM3: End of saving trajectory to 
f_MH_01_easy_upstream-v1.0_20250823_212642_trajec
tory.txt ...
Status: Saving keyframe data... [222s]Status: Processing complete! [222s]
ORB-SLAM3: Saving keyframe trajectory to 
kf_MH_01_easy_upstream-v1.0_20250823_212642_traje
ctory.txt ...

╭─────────────────── Success ───────────────────╮
│ Processing Complete!                          │
│ Successfully processed 3,682 frames           │
│ Results saved to: results/                    │
│ Files:                                        │
│ f_MH_01_easy_upstream-v1.0_20250823_212642_tr │
│ ajectory.txt,                                 │
│ kf_MH_01_easy_upstream-v1.0_20250823_212642_t │
│ rajectory.txt                                 │
╰───────────────────────────────────────────────╯

=== Running upstream-v0.4-beta on machine_hall/MH_01_easy (runs=1) ===
Auto-detected timestamp file: 
/opt/orb-slam3/Examples/Monocular/EuRoC_TimeStamp
s/MH01.txt
Estimated total frames: 3,682
╭────────── Starting SLAM Processing ───────────╮
│ ORB-SLAM3 Real-Time Monitor                   │
│ Container: upstream-v0.4-beta                 │
│ Sequence:                                     │
│ datasets/EuRoC/machine_hall/MH_01_easy        │
│ Expected frames: 3,682                        │
│ Output files:                                 │
│ f_MH_01_easy_upstream-v0.4-beta_20250823_2130 │
│ 25_trajectory.txt,                            │
│ kf_MH_01_easy_upstream-v0.4-beta_20250823_213 │
│ 025_trajectory.txt                            │
╰───────────────────────────────────────────────╯
Status: Starting... [1s]Status: Starting... [1s]Status: Starting... [1s]
ORB-SLAM3: Loading images for sequence 
0...LOADED!
Status: Starting... [1s]Status: Starting... [1s]Status: Starting... [1s]Status: Starting... [1s]Status: Starting... [1s]Status: Starting... [1s]Status: Starting... [1s]Status: Starting... [1s]Status: Starting... [1s]Status: Starting... [1s]Status: Starting... [1s]Status: Starting... [1s]
ORB-SLAM3: Camera1.k3 optional parameter does not
exist...
Status: Starting... [1s]
ORB-SLAM3: -Loaded camera 1
Status: Starting... [1s]
ORB-SLAM3: -Loaded image info
Status: Starting... [1s]
ORB-SLAM3: -Loaded ORB settings
Status: Starting... [1s]Status: Starting... [1s]
ORB-SLAM3: -Loaded viewer settings
Status: Starting... [1s]
ORB-SLAM3: System.LoadAtlasFromFile optional 
parameter does not exist...
Status: Starting... [1s]
ORB-SLAM3: System.SaveAtlasToFile optional 
parameter does not exist...
Status: Starting... [1s]
ORB-SLAM3: -Loaded Atlas settings
Status: Starting... [1s]Status: Starting... [1s]
ORB-SLAM3: -Loaded misc parameters
Status: Starting... [1s]Status: Starting... [1s]Status: Starting... [1s]
ORB-SLAM3: -Camera 1 parameters (Pinhole): [ 
458.65399169921875 457.29598999023438 
367.21499633789062 248.375 ]
Status: Starting... [1s]
ORB-SLAM3: -Camera 1 distortion parameters: [  
-0.28340810537338257 0.073959067463874817 
0.00019359000725671649 1.7618711353861727e-05 ]
Status: Starting... [1s]Status: Starting... [1s]Status: Starting... [1s]
ORB-SLAM3: -Camera 1 parameters after resize: [  
365.94735717773438 333.44500732421875 
292.99069213867188 181.10678100585938 ]
Status: Starting... [1s]Status: Starting... [1s]Status: Starting... [1s]Status: Starting... [1s]Status: Starting... [1s]Status: Starting... [1s]Status: Starting... [1s]Status: Starting... [1s]Status: Loading vocabulary (139MB)... [1s]
ORB-SLAM3: Loading ORB Vocabulary. This could 
take a while...
Status: Vocabulary loaded - Initializing 
system... [23s]
ORB-SLAM3: Vocabulary loaded!
Status: Vocabulary loaded - Initializing 
system... [23s]Status: Vocabulary loaded - Initializing 
system... [23s]
ORB-SLAM3: Initialization of Atlas from scratch
Status: Vocabulary loaded - Initializing 
system... [23s]
ORB-SLAM3: Creation of new map with id: 0
Status: Vocabulary loaded - Initializing 
system... [23s]
ORB-SLAM3: Creation of new map with last KF id: 0
Status: Vocabulary loaded - Initializing 
system... [23s]Status: Vocabulary loaded - Initializing 
system... [23s]
ORB-SLAM3: There are 1 cameras in the atlas
Status: Processing frames... [23s]
ORB-SLAM3: Camera 0 is pinhole
Status: Processing frames... [24s]
ORB-SLAM3: First KF:0; Map init KF:0
Status: Map initialized - Processing frames... 
[24s]
ORB-SLAM3: New Map created with 157 points
Status: Map initialized - Processing frames... 
[221s]
ORB-SLAM3: TRACK_REF_KF: Less than 15 matches!!
Status: Map initialized - Processing frames... 
[221s]
ORB-SLAM3: Fail to track local map!
Status: Map initialized - Processing frames... 
[221s]
ORB-SLAM3: Fail to track local map!
Status: Map initialized - Processing frames... 
[222s]
ORB-SLAM3: Fail to track local map!
Status: Map initialized - Processing frames... 
[222s]
ORB-SLAM3: Fail to track local map!
Status: Map initialized - Processing frames... 
[222s]
ORB-SLAM3: Fail to track local map!
Status: Map initialized - Processing frames... 
[222s]
ORB-SLAM3: Fail to track local map!
Status: Map initialized - Processing frames... 
[222s]
ORB-SLAM3: Fail to track local map!
Status: Map initialized - Processing frames... 
[222s]
ORB-SLAM3: Fail to track local map!
Status: Map initialized - Processing frames... 
[222s]
ORB-SLAM3: Fail to track local map!
Status: Map initialized - Processing frames... 
[222s]
ORB-SLAM3: Fail to track local map!
Status: Map initialized - Processing frames... 
[222s]
ORB-SLAM3: Fail to track local map!
Status: Map initialized - Processing frames... 
[222s]
ORB-SLAM3: Fail to track local map!
Status: Map initialized - Processing frames... 
[222s]
ORB-SLAM3: Fail to track local map!
Status: Map initialized - Processing frames... 
[222s]
ORB-SLAM3: Fail to track local map!
Status: Map initialized - Processing frames... 
[222s]
ORB-SLAM3: Fail to track local map!
Status: Map initialized - Processing frames... 
[222s]
ORB-SLAM3: Fail to track local map!
Status: Map initialized - Processing frames... 
[222s]
ORB-SLAM3: Fail to track local map!
Status: Map initialized - Processing frames... 
[222s]
ORB-SLAM3: Fail to track local map!
Status: Map initialized - Processing frames... 
[222s]
ORB-SLAM3: Shutdown
Status: Map initialized - Processing frames... 
[222s]Status: Saving trajectory... [222s]
ORB-SLAM3: Saving trajectory to 
f_MH_01_easy_upstream-v0.4-beta_20250823_213025_t
rajectory.txt ...
Status: Saving trajectory... [222s]
ORB-SLAM3: There are 1 maps in the atlas
Status: Saving trajectory... [222s]
ORB-SLAM3: Map 0 has 267 KFs
Status: Saving trajectory... [222s]Status: Saving keyframe data... [222s]
ORB-SLAM3: End of saving trajectory to 
f_MH_01_easy_upstream-v0.4-beta_20250823_213025_t
rajectory.txt ...
Status: Saving keyframe data... [222s]Status: Processing complete! [222s]
ORB-SLAM3: Saving keyframe trajectory to 
kf_MH_01_easy_upstream-v0.4-beta_20250823_213025_
trajectory.txt ...

╭─────────────────── Success ───────────────────╮
│ Processing Complete!                          │
│ Successfully processed 3,682 frames           │
│ Results saved to: results/                    │
│ Files:                                        │
│ f_MH_01_easy_upstream-v0.4-beta_20250823_2130 │
│ 25_trajectory.txt,                            │
│ kf_MH_01_easy_upstream-v0.4-beta_20250823_213 │
│ 025_trajectory.txt                            │
╰───────────────────────────────────────────────╯

Comparison Summary
--------------------------------------------------------------------------------
Sequence | Version | Runtime (ms) | Success
--------------------------------------------------------------------------------
machine_hall/MH_01_easy | upstream-v1.0 | 222755.9 | yes
machine_hall/MH_01_easy | upstream-v0.4-beta | 223117.2 | yes
--------------------------------------------------------------------------------
Saved comparison results to: benchmark_results/compare_results_machine_hall_MH_01_easy_upstream-v1.0__vs__upstream-v0.4-beta_20250823_213407.json
Exporting dashboard JSON via trajectory conversion -> compare_dashboard_v1_vs_v04.json
Converting trajectory files to benchmark results...
Found 2 trajectory files
  * Converted: f_MH_01_easy_upstream-v1.0_20250823_212642_trajectory.txt
  * Converted: f_MH_01_easy_upstream-v0.4-beta_20250823_213025_trajectory.txt

Benchmark results saved to: compare_dashboard_v1_vs_v04.json
   Total results: 2
   Sequences: 1
   Versions: 1

Ready for dashboard: python3 results_dashboard.py compare_dashboard_v1_vs_v04.json
╔═══════════════════════════════════════════════╗
║ ORB-SLAM3 Performance Dashboard               ║
║ Results from 2025-08-23T21:34:07.884965       ║
║ 2/2 successful runs                           ║
║ Baseline: upstream-v1.0 (baseline)            ║
║ Improved: upstream-v0.4-beta (improved)       ║
╚═══════════════════════════════════════════════╝
         Performance Comparison Summary          
╭───────────┬─────────────┬──────────────────┬┬─╮
│ Metric    │ upstream-v1 │ upstream-v0.4-be ││ │
├───────────┼─────────────┼──────────────────┼┼─┤
│ Runtime   │         N/A │              N/A ││ │
│ Memory P… │         N/A │              N/A ││ │
│ CPU Aver… │         N/A │              N/A ││ │
│ Frames P… │         N/A │              N/A ││ │
│ Frames L… │         N/A │              N/A ││ │
│ Keyframe… │         N/A │              N/A ││ │
│ RMSE Tra… │         N/A │              N/A ││ │
│ RMSE Rot… │         N/A │              N/A ││ │
╰───────────┴─────────────┴──────────────────┴┴─╯
                Per-Sequence Performance         
╭┬──────────────────────┬────────────────────────
││ upstream-v1.0 (basel │ upstream-v0.4-beta (imp
├┼──────────────────────┼────────────────────────
╰┴──────────────────────┴────────────────────────
